Tue Apr 23 14:58:06 CST 2013 [DEBUG] : {AfterDecryptFile=decryptProperties123, BeforeDecryptFile=decryptProperties.zip, AfterDecryptDir=D:\Tmp, BeforeDecryptDir=D:\Tmp}
Tue Apr 23 14:58:06 CST 2013 [DEBUG] : Read file success
Tue Apr 23 14:59:44 CST 2013 [ERROR] : 解密失敗，請確認檔案格式和密碼是否正確
Tue Apr 23 14:59:46 CST 2013 [ERROR] : 解密失敗，請確認檔案格式和密碼是否正確
Tue Apr 23 15:01:18 CST 2013 [ERROR] : 解密失敗，請確認檔案格式和密碼是否正確
Tue Apr 23 15:01:22 CST 2013 [ERROR] : 解密失敗，請確認檔案格式和密碼是否正確
Tue Apr 23 15:01:22 CST 2013 [ERROR] : 解密失敗，請確認檔案格式和密碼是否正確
Tue Apr 23 15:01:22 CST 2013 [ERROR] : 解密失敗，請確認檔案格式和密碼是否正確
Tue Apr 23 15:01:22 CST 2013 [ERROR] : 解密失敗，請確認檔案格式和密碼是否正確
Tue Apr 23 15:01:23 CST 2013 [ERROR] : 解密失敗，請確認檔案格式和密碼是否正確
Tue Apr 23 15:01:34 CST 2013 [ERROR] : 解密失敗，請確認檔案格式和密碼是否正確
Tue Apr 23 15:01:35 CST 2013 [ERROR] : 解密失敗，請確認檔案格式和密碼是否正確
Tue Apr 23 15:01:35 CST 2013 [ERROR] : 解密失敗，請確認檔案格式和密碼是否正確
Tue Apr 23 15:01:36 CST 2013 [ERROR] : 解密失敗，請確認檔案格式和密碼是否正確
Tue Apr 23 15:01:38 CST 2013 [ERROR] : 解密失敗，請確認檔案格式和密碼是否正確
Tue Apr 23 15:01:39 CST 2013 [ERROR] : 解密失敗，請確認檔案格式和密碼是否正確
Tue Apr 23 15:01:39 CST 2013 [ERROR] : 解密失敗，請確認檔案格式和密碼是否正確
Tue Apr 23 15:01:50 CST 2013 [ERROR] : 解密失敗，請確認檔案格式和密碼是否正確
Tue Apr 23 15:01:51 CST 2013 [ERROR] : 解密失敗，請確認檔案格式和密碼是否正確
Tue Apr 23 15:01:51 CST 2013 [ERROR] : 解密失敗，請確認檔案格式和密碼是否正確
Tue Apr 23 15:02:05 CST 2013 [ERROR] : 解密失敗，請確認檔案格式和密碼是否正確
Tue Apr 23 15:02:05 CST 2013 [ERROR] : 解密失敗，請確認檔案格式和密碼是否正確
Mon Jul 08 15:29:08 CST 2013 [DEBUG] : {AfterDecryptFile=decryptProperties123, BeforeDecryptFile=decryptProperties.zip, AfterDecryptDir=D:\Tmp, BeforeDecryptDir=D:\Tmp}
Mon Jul 08 15:29:08 CST 2013 [DEBUG] : Read file success
Mon Jul 08 15:32:41 CST 2013 [ERROR] : 解密失敗，請確認檔案格式和密碼是否正確
Mon Jul 08 15:32:59 CST 2013 [ERROR] : 解密失敗，請確認檔案格式和密碼是否正確
Mon Jul 08 15:33:02 CST 2013 [ERROR] : 解密失敗，請確認檔案格式和密碼是否正確
Mon Jul 08 15:33:02 CST 2013 [ERROR] : 解密失敗，請確認檔案格式和密碼是否正確
Mon Jul 08 15:33:02 CST 2013 [ERROR] : 解密失敗，請確認檔案格式和密碼是否正確
Mon Jul 08 15:33:03 CST 2013 [ERROR] : 解密失敗，請確認檔案格式和密碼是否正確
Mon Jul 08 15:33:03 CST 2013 [ERROR] : 解密失敗，請確認檔案格式和密碼是否正確
Mon Jul 08 15:33:03 CST 2013 [ERROR] : 解密失敗，請確認檔案格式和密碼是否正確
Mon Jul 08 15:35:28 CST 2013 [DEBUG] : {AfterDecryptFile=decryptProperties123, BeforeDecryptFile=decryptProperties.zip, AfterDecryptDir=D:\Tmp, BeforeDecryptDir=D:\Tmp}
Mon Jul 08 15:35:28 CST 2013 [DEBUG] : Read file success
Mon Jul 08 15:36:00 CST 2013 [ERROR] : 解密失敗，請確認檔案格式和密碼是否正確
Mon Jul 08 15:36:10 CST 2013 [ERROR] : 解密失敗，請確認檔案格式和密碼是否正確
Mon Jul 08 15:36:11 CST 2013 [ERROR] : 解密失敗，請確認檔案格式和密碼是否正確
Mon Jul 08 15:36:12 CST 2013 [ERROR] : 解密失敗，請確認檔案格式和密碼是否正確
Mon Jul 08 15:36:47 CST 2013 [INFO] : Extracting: Z_22853565_10202_20130326030809.txt
Mon Jul 08 15:36:47 CST 2013 [DEBUG] : Write file success
Thu Aug 01 15:21:20 CST 2013 [DEBUG] : {AfterDecryptFile=Z_22853565_10202_20130326030809, BeforeDecryptFile=Z_22853565_10202_20130326030809.bin, AfterDecryptDir=C:\Users\2950.TRADEVANAD\Downloads, BeforeDecryptDir=C:\Users\2950.TRADEVANAD\Downloads}
Thu Aug 01 15:21:20 CST 2013 [DEBUG] : Read file success
Thu Aug 01 15:25:51 CST 2013 [DEBUG] : {AfterDecryptFile=Z_22853565_10202_20130326030809, BeforeDecryptFile=Z_22853565_10202_20130326030809.bin, AfterDecryptDir=C:\Users\2950.TRADEVANAD\Downloads, BeforeDecryptDir=C:\Users\2950.TRADEVANAD\Downloads}
Thu Aug 01 15:25:51 CST 2013 [DEBUG] : Read file success
Wed Aug 07 16:00:36 CST 2013 [DEBUG] : {AfterDecryptFile=Z_22853565_10202_20130326030809, BeforeDecryptFile=Z_22853565_10202_20130326030809.bin, AfterDecryptDir=C:\Users\2950.TRADEVANAD\Downloads, BeforeDecryptDir=C:\Users\2950.TRADEVANAD\Downloads}
Wed Aug 07 16:00:36 CST 2013 [DEBUG] : Read file success
Thu Dec 04 17:23:50 CST 2014 [DEBUG] : {AfterDecryptFile=Z_22853565_10202_20130326030809, BeforeDecryptFile=Z_22853565_10202_20130326030809.bin, AfterDecryptDir=C:\Users\2950.TRADEVANAD\Downloads, BeforeDecryptDir=C:\Users\2950.TRADEVANAD\Downloads}
Thu Dec 04 17:23:50 CST 2014 [DEBUG] : Read file success
Thu Dec 04 17:24:27 CST 2014 [DEBUG] : {AfterDecryptFile=Z_22853565_10202_20130326030809, BeforeDecryptFile=Z_22853565_10202_20130326030809.bin, AfterDecryptDir=C:\Users\2950.TRADEVANAD\Downloads, BeforeDecryptDir=C:\Users\2950.TRADEVANAD\Downloads}
Thu Dec 04 17:24:27 CST 2014 [DEBUG] : Read file success
Thu Dec 04 17:25:46 CST 2014 [DEBUG] : {AfterDecryptFile=Z_22853565_10202_20130326030809, BeforeDecryptFile=Z_22853565_10202_20130326030809.bin, AfterDecryptDir=C:\Users\2950.TRADEVANAD\Downloads, BeforeDecryptDir=C:\Users\2950.TRADEVANAD\Downloads}
Thu Dec 04 17:25:46 CST 2014 [DEBUG] : Read file success
Thu Dec 04 17:26:26 CST 2014 [DEBUG] : {AfterDecryptFile=Z_22853565_10202_20130326030809, BeforeDecryptFile=Z_22853565_10202_20130326030809.bin, AfterDecryptDir=C:\Users\2950.TRADEVANAD\Downloads, BeforeDecryptDir=C:\Users\2950.TRADEVANAD\Downloads}
Thu Dec 04 17:26:26 CST 2014 [DEBUG] : Read file success
Mon Dec 22 11:10:40 CST 2014 [DEBUG] : {AfterDecryptFile=Z_22853565_10202_20130326030809, BeforeDecryptFile=Z_22853565_10202_20130326030809.bin, AfterDecryptDir=C:\Users\2950.TRADEVANAD\Downloads, BeforeDecryptDir=C:\Users\2950.TRADEVANAD\Downloads}
Mon Dec 22 11:10:40 CST 2014 [DEBUG] : Read file success
Mon Dec 22 11:11:31 CST 2014 [DEBUG] : {AfterDecryptFile=Z_22853565_10202_20130326030809, BeforeDecryptFile=Z_22853565_10202_20130326030809.bin, AfterDecryptDir=C:\Users\2950.TRADEVANAD\Downloads, BeforeDecryptDir=C:\Users\2950.TRADEVANAD\Downloads}
Mon Dec 22 11:11:31 CST 2014 [DEBUG] : Read file success
Tue Dec 23 09:42:13 CST 2014 [DEBUG] : {AfterDecryptFile=Z_22853565_10202_20130326030809, BeforeDecryptFile=Z_22853565_10202_20130326030809.bin, AfterDecryptDir=C:\Users\2950.TRADEVANAD\Downloads, BeforeDecryptDir=C:\Users\2950.TRADEVANAD\Downloads}
Tue Dec 23 09:42:13 CST 2014 [DEBUG] : Read file success
Mon Dec 29 17:21:45 CST 2014 [DEBUG] : {AfterDecryptFile=Z_22853565_10202_20130326030809, BeforeDecryptFile=Z_22853565_10202_20130326030809.bin, AfterDecryptDir=C:\Users\2950.TRADEVANAD\Downloads, BeforeDecryptDir=C:\Users\2950.TRADEVANAD\Downloads}
Mon Dec 29 17:21:45 CST 2014 [DEBUG] : Read file success
Tue Jan 20 18:18:34 CST 2015 [DEBUG] : {AfterDecryptFile=Z_22853565_10202_20130326030809, BeforeDecryptFile=Z_22853565_10202_20130326030809.bin, AfterDecryptDir=C:\Users\2950.TRADEVANAD\Downloads, BeforeDecryptDir=C:\Users\2950.TRADEVANAD\Downloads}
Tue Jan 20 18:18:34 CST 2015 [DEBUG] : Read file success
Mon Feb 02 15:48:01 CST 2015 [DEBUG] : {AfterDecryptFile=Z_22853565_10202_20130326030809, BeforeDecryptFile=Z_22853565_10202_20130326030809.bin, AfterDecryptDir=C:\Users\2950.TRADEVANAD\Downloads, BeforeDecryptDir=C:\Users\2950.TRADEVANAD\Downloads}
Mon Feb 02 15:48:01 CST 2015 [DEBUG] : Read file success
Mon Feb 02 15:49:04 CST 2015 [INFO] : Extracting: Z_23525871_10312_20150127235410.txt
Mon Feb 02 15:49:04 CST 2015 [DEBUG] : Write file success
Mon Feb 02 15:53:23 CST 2015 [INFO] : Extracting: Z_23525871_10312_20150127235410.txt
Mon Feb 02 15:53:23 CST 2015 [DEBUG] : Write file success
Wed Feb 04 16:31:36 CST 2015 [DEBUG] : {AfterDecryptFile=Z_23525871_10312_20150127235410.txt, BeforeDecryptFile=Z_23525871_10312_20150127235410.bin, AfterDecryptDir=C:\Users\User\Desktop, BeforeDecryptDir=C:\Users\User\Desktop}
Wed Feb 04 16:31:36 CST 2015 [DEBUG] : Read file success
Mon Mar 30 09:51:12 CST 2015 [DEBUG] : {AfterDecryptFile=Z_23525871_10312_20150127235410.txt, BeforeDecryptFile=Z_23525871_10312_20150127235410.bin, AfterDecryptDir=C:\Users\User\Desktop, BeforeDecryptDir=C:\Users\User\Desktop}
Mon Mar 30 09:51:12 CST 2015 [DEBUG] : Read file success
Thu Jul 23 09:54:29 CST 2015 [DEBUG] : {AfterDecryptFile=Z_23525871_10312_20150127235410.txt, BeforeDecryptFile=Z_23525871_10312_20150127235410.bin, AfterDecryptDir=C:\Users\User\Desktop, BeforeDecryptDir=C:\Users\User\Desktop}
Thu Jul 23 09:54:29 CST 2015 [DEBUG] : Read file success
Thu Jul 23 09:55:03 CST 2015 [DEBUG] : {AfterDecryptFile=Z_23525871_10312_20150127235410.txt, BeforeDecryptFile=Z_23525871_10312_20150127235410.bin, AfterDecryptDir=C:\Users\User\Desktop, BeforeDecryptDir=C:\Users\User\Desktop}
Thu Jul 23 09:55:03 CST 2015 [DEBUG] : Read file success
Thu Jul 23 09:58:25 CST 2015 [DEBUG] : {AfterDecryptFile=Z_23525871_10312_20150127235410.txt, BeforeDecryptFile=Z_23525871_10312_20150127235410.bin, AfterDecryptDir=C:\Users\User\Desktop, BeforeDecryptDir=C:\Users\User\Desktop}
Thu Jul 23 09:58:25 CST 2015 [DEBUG] : Read file success
Thu Jul 23 09:58:57 CST 2015 [DEBUG] : {AfterDecryptFile=Z_23525871_10312_20150127235410.txt, BeforeDecryptFile=Z_23525871_10312_20150127235410.bin, AfterDecryptDir=C:\Users\User\Desktop, BeforeDecryptDir=C:\Users\User\Desktop}
Thu Jul 23 09:58:57 CST 2015 [DEBUG] : Read file success
Thu Jul 23 10:01:28 CST 2015 [DEBUG] : {AfterDecryptFile=Z_23525871_10312_20150127235410.txt, BeforeDecryptFile=Z_23525871_10312_20150127235410.bin, AfterDecryptDir=C:\Users\User\Desktop, BeforeDecryptDir=C:\Users\User\Desktop}
Thu Jul 23 10:01:28 CST 2015 [DEBUG] : Read file success
Thu Jul 23 10:40:02 CST 2015 [DEBUG] : {AfterDecryptFile=Z_23525871_10312_20150127235410.txt, BeforeDecryptFile=Z_23525871_10312_20150127235410.bin, AfterDecryptDir=C:\Users\User\Desktop, BeforeDecryptDir=C:\Users\User\Desktop}
Thu Jul 23 10:40:02 CST 2015 [DEBUG] : Read file success
Thu Jul 23 10:41:10 CST 2015 [DEBUG] : {AfterDecryptFile=Z_23525871_10312_20150127235410.txt, BeforeDecryptFile=Z_23525871_10312_20150127235410.bin, AfterDecryptDir=C:\Users\User\Desktop, BeforeDecryptDir=C:\Users\User\Desktop}
Thu Jul 23 10:41:10 CST 2015 [DEBUG] : Read file success
Thu Jul 23 10:41:28 CST 2015 [DEBUG] : {AfterDecryptFile=Z_23525871_10312_20150127235410.txt, BeforeDecryptFile=Z_23525871_10312_20150127235410.bin, AfterDecryptDir=C:\Users\User\Desktop, BeforeDecryptDir=C:\Users\User\Desktop}
Thu Jul 23 10:41:28 CST 2015 [DEBUG] : Read file success
Thu Jul 23 10:41:40 CST 2015 [DEBUG] : {AfterDecryptFile=Z_23525871_10312_20150127235410.txt, BeforeDecryptFile=Z_23525871_10312_20150127235410.bin, AfterDecryptDir=C:\Users\User\Desktop, BeforeDecryptDir=C:\Users\User\Desktop}
Thu Jul 23 10:41:40 CST 2015 [DEBUG] : Read file success
Thu Jul 23 10:44:10 CST 2015 [DEBUG] : {AfterDecryptFile=Z_23525871_10312_20150127235410.txt, BeforeDecryptFile=Z_23525871_10312_20150127235410.bin, AfterDecryptDir=C:\Users\User\Desktop, BeforeDecryptDir=C:\Users\User\Desktop}
Thu Jul 23 10:44:10 CST 2015 [DEBUG] : Read file success
Thu Jul 23 11:19:40 CST 2015 [DEBUG] : {AfterDecryptFile=Z_23525871_10312_20150127235410.txt, BeforeDecryptFile=Z_23525871_10312_20150127235410.bin, AfterDecryptDir=C:\Users\User\Desktop, BeforeDecryptDir=C:\Users\User\Desktop}
Thu Jul 23 11:19:40 CST 2015 [DEBUG] : Read file success
Thu Jul 23 11:20:12 CST 2015 [DEBUG] : {AfterDecryptFile=Z_23525871_10312_20150127235410.txt, BeforeDecryptFile=Z_23525871_10312_20150127235410.bin, AfterDecryptDir=C:\Users\User\Desktop, BeforeDecryptDir=C:\Users\User\Desktop}
Thu Jul 23 11:20:12 CST 2015 [DEBUG] : Read file success
Thu Jul 23 11:24:14 CST 2015 [DEBUG] : {AfterDecryptFile=Z_23525871_10312_20150127235410.txt, BeforeDecryptFile=Z_23525871_10312_20150127235410.bin, AfterDecryptDir=C:\Users\User\Desktop, BeforeDecryptDir=C:\Users\User\Desktop}
Thu Jul 23 11:24:14 CST 2015 [DEBUG] : Read file success
Thu Jul 23 11:26:13 CST 2015 [INFO] : Extracting: 1040721-ACHExpense(20150102-3B).xls
Thu Jul 23 11:26:13 CST 2015 [DEBUG] : Write file success
Thu Jul 23 11:32:03 CST 2015 [DEBUG] : {AfterDecryptFile=1040721-ACHExpense(20150102-3B).txt, BeforeDecryptFile=1040721-ACHExpense(20150102-3B).bin, AfterDecryptDir=E:\16_CHTBOX\CHT Box\yeni\eInvoice, BeforeDecryptDir=E:\16_CHTBOX\CHT Box\yeni\eInvoice}
Thu Jul 23 11:32:03 CST 2015 [DEBUG] : Read file success
