[2013/03/07 16:40:34][INFO][][]  - begin gen key...
[2013/03/07 16:40:48][INFO][][]  - end gen key...(OK)
[2013/03/07 16:40:48][INFO][][]  - com.tradevan.geinv.kms.dist.DistKMSService begin init...
[2013/03/07 16:40:48][INFO][][]  - com.tradevan.geinv.kms.dist.DistKMSService begin init...(OK)
[2013/03/07 16:45:03][INFO][][]  - begin gen key...
[2013/03/07 16:45:03][INFO][][]  - end gen key...(OK)
[2013/03/07 16:45:03][INFO][][]  - com.tradevan.geinv.kms.dist.DistKMSService begin init...
[2013/03/07 16:45:03][INFO][][]  - com.tradevan.geinv.kms.dist.DistKMSService begin init...(OK)
[2013/03/13 17:17:03][INFO][][]  - begin gen key...
[2013/03/13 17:17:04][INFO][][]  - end gen key...(OK)
[2013/03/13 17:17:04][INFO][][]  - com.tradevan.geinv.kms.dist.DistKMSService begin init...
[2013/03/13 17:17:04][INFO][][]  - com.tradevan.geinv.kms.dist.DistKMSService begin init...(OK)
[2013/03/13 17:17:28][INFO][][]  - begin gen key...
[2013/03/13 17:17:28][INFO][][]  - end gen key...(OK)
[2013/03/13 17:17:28][INFO][][]  - com.tradevan.geinv.kms.dist.DistKMSService begin init...
[2013/03/13 17:17:28][INFO][][]  - com.tradevan.geinv.kms.dist.DistKMSService begin init...(OK)
[2013/03/13 17:17:42][INFO][][]  - begin gen key...
[2013/03/13 17:17:42][INFO][][]  - end gen key...(OK)
[2013/03/13 17:17:42][INFO][][]  - com.tradevan.geinv.kms.dist.DistKMSService begin init...
[2013/03/13 17:17:42][INFO][][]  - com.tradevan.geinv.kms.dist.DistKMSService begin init...(OK)
[2013/03/13 17:17:43][INFO][][]  - begin gen key...
[2013/03/13 17:17:43][INFO][][]  - end gen key...(OK)
[2013/03/13 17:17:43][INFO][][]  - com.tradevan.geinv.kms.dist.DistKMSService begin init...
[2013/03/13 17:17:43][INFO][][]  - com.tradevan.geinv.kms.dist.DistKMSService begin init...(OK)
[2013/03/14 17:09:52][INFO][][]  - begin gen key...
[2013/03/14 17:09:53][INFO][][]  - end gen key...(OK)
[2013/03/14 17:09:53][INFO][][]  - com.tradevan.geinv.kms.dist.DistKMSService begin init...
[2013/03/14 17:09:53][INFO][][]  - com.tradevan.geinv.kms.dist.DistKMSService begin init...(OK)
[2013/03/14 17:11:53][INFO][][]  - begin gen key...
[2013/03/14 17:11:53][INFO][][]  - end gen key...(OK)
[2013/03/14 17:11:53][INFO][][]  - com.tradevan.geinv.kms.dist.DistKMSService begin init...
[2013/03/14 17:11:53][INFO][][]  - com.tradevan.geinv.kms.dist.DistKMSService begin init...(OK)
[2013/03/22 14:42:38][INFO][][]  - begin gen key...
[2013/03/22 14:42:38][INFO][][]  - end gen key...(OK)
[2013/03/22 14:42:38][INFO][][]  - com.tradevan.geinv.kms.dist.DistKMSService begin init...
[2013/03/22 14:42:38][INFO][][]  - com.tradevan.geinv.kms.dist.DistKMSService begin init...(OK)
[2013/03/22 19:22:54][INFO][][]  - begin gen key...
[2013/03/22 19:22:56][INFO][][]  - end gen key...(OK)
[2013/03/22 19:22:56][INFO][][]  - com.tradevan.geinv.kms.dist.DistKMSService begin init...
[2013/03/22 19:22:56][INFO][][]  - com.tradevan.geinv.kms.dist.DistKMSService begin init...(OK)
[2013/03/22 20:00:19][INFO][][]  - begin gen key...
[2013/03/22 20:00:19][INFO][][]  - end gen key...(OK)
[2013/03/22 20:00:19][INFO][][]  - com.tradevan.geinv.kms.dist.DistKMSService begin init...
[2013/03/22 20:00:19][INFO][][]  - com.tradevan.geinv.kms.dist.DistKMSService begin init...(OK)
[2013/04/23 14:59:43][INFO][][]  - begin gen key...
[2013/04/23 14:59:44][INFO][][]  - end gen key...(OK)
[2013/04/23 14:59:44][INFO][][]  - com.tradevan.geinv.kms.dist.DistKMSService begin init...
[2013/04/23 14:59:44][INFO][][]  - com.tradevan.geinv.kms.dist.DistKMSService begin init...(OK)
[2013/04/23 14:59:44][INFO][][]  - get decypt cipher...
[2013/04/23 14:59:44][INFO][][]  - com.tradevan.geinv.kms.dist.DistKMSService begin init Decrypt cipher...
[2013/04/23 14:59:44][INFO][][]  - com.tradevan.geinv.kms.dist.DistKMSService begin init Decrypt cipher...(OK)
[2013/04/23 14:59:44][INFO][][]  - get decypt cipher...OK
[2013/04/23 14:59:44][INFO][][]  - decypt file(C:\Users\2950.TRADEVANAD\Documents\中獎清冊sample\Z_23285582_10202_20130326031428.bin) to file(C:\Users\2950.TRADEVANAD\Documents\中獎清冊sample\Z_23285582_10202_20130326031428.zip)...
[2013/04/23 14:59:44][INFO][][]  - decypt file(C:\Users\2950.TRADEVANAD\Documents\中獎清冊sample\Z_23285582_10202_20130326031428.bin) to file(C:\Users\2950.TRADEVANAD\Documents\中獎清冊sample\Z_23285582_10202_20130326031428.zip)...error
[2013/04/23 14:59:44][ERROR][][]  - javax.crypto.BadPaddingException: Given final block not properly padded
[2013/04/23 14:59:46][INFO][][]  - begin gen key...
[2013/04/23 14:59:46][INFO][][]  - end gen key...(OK)
[2013/04/23 14:59:46][INFO][][]  - com.tradevan.geinv.kms.dist.DistKMSService begin init...
[2013/04/23 14:59:46][INFO][][]  - com.tradevan.geinv.kms.dist.DistKMSService begin init...(OK)
[2013/04/23 14:59:46][INFO][][]  - get decypt cipher...
[2013/04/23 14:59:46][INFO][][]  - com.tradevan.geinv.kms.dist.DistKMSService begin init Decrypt cipher...
[2013/04/23 14:59:46][INFO][][]  - com.tradevan.geinv.kms.dist.DistKMSService begin init Decrypt cipher...(OK)
[2013/04/23 14:59:46][INFO][][]  - get decypt cipher...OK
[2013/04/23 14:59:46][INFO][][]  - decypt file(C:\Users\2950.TRADEVANAD\Documents\中獎清冊sample\Z_23285582_10202_20130326031428.bin) to file(C:\Users\2950.TRADEVANAD\Documents\中獎清冊sample\Z_23285582_10202_20130326031428.zip)...
[2013/04/23 14:59:46][INFO][][]  - decypt file(C:\Users\2950.TRADEVANAD\Documents\中獎清冊sample\Z_23285582_10202_20130326031428.bin) to file(C:\Users\2950.TRADEVANAD\Documents\中獎清冊sample\Z_23285582_10202_20130326031428.zip)...error
[2013/04/23 14:59:46][ERROR][][]  - javax.crypto.BadPaddingException: Given final block not properly padded
[2013/04/23 15:01:18][INFO][][]  - begin gen key...
[2013/04/23 15:01:18][INFO][][]  - end gen key...(OK)
[2013/04/23 15:01:18][INFO][][]  - com.tradevan.geinv.kms.dist.DistKMSService begin init...
[2013/04/23 15:01:18][INFO][][]  - com.tradevan.geinv.kms.dist.DistKMSService begin init...(OK)
[2013/04/23 15:01:18][INFO][][]  - get decypt cipher...
[2013/04/23 15:01:18][INFO][][]  - com.tradevan.geinv.kms.dist.DistKMSService begin init Decrypt cipher...
[2013/04/23 15:01:18][INFO][][]  - com.tradevan.geinv.kms.dist.DistKMSService begin init Decrypt cipher...(OK)
[2013/04/23 15:01:18][INFO][][]  - get decypt cipher...OK
[2013/04/23 15:01:18][INFO][][]  - decypt file(C:\Users\2950.TRADEVANAD\Documents\中獎清冊sample\Z_23285582_10202_20130326031428.bin) to file(C:\Users\2950.TRADEVANAD\Documents\中獎清冊sample\Z_23285582_10202_20130326031428.zip)...
[2013/04/23 15:01:18][INFO][][]  - decypt file(C:\Users\2950.TRADEVANAD\Documents\中獎清冊sample\Z_23285582_10202_20130326031428.bin) to file(C:\Users\2950.TRADEVANAD\Documents\中獎清冊sample\Z_23285582_10202_20130326031428.zip)...error
[2013/04/23 15:01:18][ERROR][][]  - javax.crypto.BadPaddingException: Given final block not properly padded
[2013/04/23 15:01:21][INFO][][]  - begin gen key...
[2013/04/23 15:01:21][INFO][][]  - end gen key...(OK)
[2013/04/23 15:01:21][INFO][][]  - com.tradevan.geinv.kms.dist.DistKMSService begin init...
[2013/04/23 15:01:21][INFO][][]  - com.tradevan.geinv.kms.dist.DistKMSService begin init...(OK)
[2013/04/23 15:01:21][INFO][][]  - get decypt cipher...
[2013/04/23 15:01:21][INFO][][]  - com.tradevan.geinv.kms.dist.DistKMSService begin init Decrypt cipher...
[2013/04/23 15:01:21][INFO][][]  - com.tradevan.geinv.kms.dist.DistKMSService begin init Decrypt cipher...(OK)
[2013/04/23 15:01:21][INFO][][]  - get decypt cipher...OK
[2013/04/23 15:01:21][INFO][][]  - decypt file(C:\Users\2950.TRADEVANAD\Documents\中獎清冊sample\Z_23285582_10202_20130326031428.bin) to file(C:\Users\2950.TRADEVANAD\Documents\中獎清冊sample\Z_23285582_10202_20130326031428.zip)...
[2013/04/23 15:01:22][INFO][][]  - decypt file(C:\Users\2950.TRADEVANAD\Documents\中獎清冊sample\Z_23285582_10202_20130326031428.bin) to file(C:\Users\2950.TRADEVANAD\Documents\中獎清冊sample\Z_23285582_10202_20130326031428.zip)...error
[2013/04/23 15:01:22][ERROR][][]  - javax.crypto.BadPaddingException: Given final block not properly padded
[2013/04/23 15:01:22][INFO][][]  - begin gen key...
[2013/04/23 15:01:22][INFO][][]  - end gen key...(OK)
[2013/04/23 15:01:22][INFO][][]  - com.tradevan.geinv.kms.dist.DistKMSService begin init...
[2013/04/23 15:01:22][INFO][][]  - com.tradevan.geinv.kms.dist.DistKMSService begin init...(OK)
[2013/04/23 15:01:22][INFO][][]  - get decypt cipher...
[2013/04/23 15:01:22][INFO][][]  - com.tradevan.geinv.kms.dist.DistKMSService begin init Decrypt cipher...
[2013/04/23 15:01:22][INFO][][]  - com.tradevan.geinv.kms.dist.DistKMSService begin init Decrypt cipher...(OK)
[2013/04/23 15:01:22][INFO][][]  - get decypt cipher...OK
[2013/04/23 15:01:22][INFO][][]  - decypt file(C:\Users\2950.TRADEVANAD\Documents\中獎清冊sample\Z_23285582_10202_20130326031428.bin) to file(C:\Users\2950.TRADEVANAD\Documents\中獎清冊sample\Z_23285582_10202_20130326031428.zip)...
[2013/04/23 15:01:22][INFO][][]  - decypt file(C:\Users\2950.TRADEVANAD\Documents\中獎清冊sample\Z_23285582_10202_20130326031428.bin) to file(C:\Users\2950.TRADEVANAD\Documents\中獎清冊sample\Z_23285582_10202_20130326031428.zip)...error
[2013/04/23 15:01:22][ERROR][][]  - javax.crypto.BadPaddingException: Given final block not properly padded
[2013/04/23 15:01:22][INFO][][]  - begin gen key...
[2013/04/23 15:01:22][INFO][][]  - end gen key...(OK)
[2013/04/23 15:01:22][INFO][][]  - com.tradevan.geinv.kms.dist.DistKMSService begin init...
[2013/04/23 15:01:22][INFO][][]  - com.tradevan.geinv.kms.dist.DistKMSService begin init...(OK)
[2013/04/23 15:01:22][INFO][][]  - get decypt cipher...
[2013/04/23 15:01:22][INFO][][]  - com.tradevan.geinv.kms.dist.DistKMSService begin init Decrypt cipher...
[2013/04/23 15:01:22][INFO][][]  - com.tradevan.geinv.kms.dist.DistKMSService begin init Decrypt cipher...(OK)
[2013/04/23 15:01:22][INFO][][]  - get decypt cipher...OK
[2013/04/23 15:01:22][INFO][][]  - decypt file(C:\Users\2950.TRADEVANAD\Documents\中獎清冊sample\Z_23285582_10202_20130326031428.bin) to file(C:\Users\2950.TRADEVANAD\Documents\中獎清冊sample\Z_23285582_10202_20130326031428.zip)...
[2013/04/23 15:01:22][INFO][][]  - decypt file(C:\Users\2950.TRADEVANAD\Documents\中獎清冊sample\Z_23285582_10202_20130326031428.bin) to file(C:\Users\2950.TRADEVANAD\Documents\中獎清冊sample\Z_23285582_10202_20130326031428.zip)...error
[2013/04/23 15:01:22][ERROR][][]  - javax.crypto.BadPaddingException: Given final block not properly padded
[2013/04/23 15:01:22][INFO][][]  - begin gen key...
[2013/04/23 15:01:22][INFO][][]  - end gen key...(OK)
[2013/04/23 15:01:22][INFO][][]  - com.tradevan.geinv.kms.dist.DistKMSService begin init...
[2013/04/23 15:01:22][INFO][][]  - com.tradevan.geinv.kms.dist.DistKMSService begin init...(OK)
[2013/04/23 15:01:22][INFO][][]  - get decypt cipher...
[2013/04/23 15:01:22][INFO][][]  - com.tradevan.geinv.kms.dist.DistKMSService begin init Decrypt cipher...
[2013/04/23 15:01:22][INFO][][]  - com.tradevan.geinv.kms.dist.DistKMSService begin init Decrypt cipher...(OK)
[2013/04/23 15:01:22][INFO][][]  - get decypt cipher...OK
[2013/04/23 15:01:22][INFO][][]  - decypt file(C:\Users\2950.TRADEVANAD\Documents\中獎清冊sample\Z_23285582_10202_20130326031428.bin) to file(C:\Users\2950.TRADEVANAD\Documents\中獎清冊sample\Z_23285582_10202_20130326031428.zip)...
[2013/04/23 15:01:22][INFO][][]  - decypt file(C:\Users\2950.TRADEVANAD\Documents\中獎清冊sample\Z_23285582_10202_20130326031428.bin) to file(C:\Users\2950.TRADEVANAD\Documents\中獎清冊sample\Z_23285582_10202_20130326031428.zip)...error
[2013/04/23 15:01:22][ERROR][][]  - javax.crypto.BadPaddingException: Given final block not properly padded
[2013/04/23 15:01:23][INFO][][]  - begin gen key...
[2013/04/23 15:01:23][INFO][][]  - end gen key...(OK)
[2013/04/23 15:01:23][INFO][][]  - com.tradevan.geinv.kms.dist.DistKMSService begin init...
[2013/04/23 15:01:23][INFO][][]  - com.tradevan.geinv.kms.dist.DistKMSService begin init...(OK)
[2013/04/23 15:01:23][INFO][][]  - get decypt cipher...
[2013/04/23 15:01:23][INFO][][]  - com.tradevan.geinv.kms.dist.DistKMSService begin init Decrypt cipher...
[2013/04/23 15:01:23][INFO][][]  - com.tradevan.geinv.kms.dist.DistKMSService begin init Decrypt cipher...(OK)
[2013/04/23 15:01:23][INFO][][]  - get decypt cipher...OK
[2013/04/23 15:01:23][INFO][][]  - decypt file(C:\Users\2950.TRADEVANAD\Documents\中獎清冊sample\Z_23285582_10202_20130326031428.bin) to file(C:\Users\2950.TRADEVANAD\Documents\中獎清冊sample\Z_23285582_10202_20130326031428.zip)...
[2013/04/23 15:01:23][INFO][][]  - decypt file(C:\Users\2950.TRADEVANAD\Documents\中獎清冊sample\Z_23285582_10202_20130326031428.bin) to file(C:\Users\2950.TRADEVANAD\Documents\中獎清冊sample\Z_23285582_10202_20130326031428.zip)...error
[2013/04/23 15:01:23][ERROR][][]  - javax.crypto.BadPaddingException: Given final block not properly padded
[2013/04/23 15:01:34][INFO][][]  - begin gen key...
[2013/04/23 15:01:34][INFO][][]  - end gen key...(OK)
[2013/04/23 15:01:34][INFO][][]  - com.tradevan.geinv.kms.dist.DistKMSService begin init...
[2013/04/23 15:01:34][INFO][][]  - com.tradevan.geinv.kms.dist.DistKMSService begin init...(OK)
[2013/04/23 15:01:34][INFO][][]  - get decypt cipher...
[2013/04/23 15:01:34][INFO][][]  - com.tradevan.geinv.kms.dist.DistKMSService begin init Decrypt cipher...
[2013/04/23 15:01:34][INFO][][]  - com.tradevan.geinv.kms.dist.DistKMSService begin init Decrypt cipher...(OK)
[2013/04/23 15:01:34][INFO][][]  - get decypt cipher...OK
[2013/04/23 15:01:34][INFO][][]  - decypt file(C:\Users\2950.TRADEVANAD\Documents\中獎清冊sample\Z_23285582_10202_20130326031428.bin) to file(C:\Users\2950.TRADEVANAD\Documents\中獎清冊sample\Z_23285582_10202_20130326031428.zip)...
[2013/04/23 15:01:34][INFO][][]  - decypt file(C:\Users\2950.TRADEVANAD\Documents\中獎清冊sample\Z_23285582_10202_20130326031428.bin) to file(C:\Users\2950.TRADEVANAD\Documents\中獎清冊sample\Z_23285582_10202_20130326031428.zip)...error
[2013/04/23 15:01:34][ERROR][][]  - javax.crypto.BadPaddingException: Given final block not properly padded
[2013/04/23 15:01:35][INFO][][]  - begin gen key...
[2013/04/23 15:01:35][INFO][][]  - end gen key...(OK)
[2013/04/23 15:01:35][INFO][][]  - com.tradevan.geinv.kms.dist.DistKMSService begin init...
[2013/04/23 15:01:35][INFO][][]  - com.tradevan.geinv.kms.dist.DistKMSService begin init...(OK)
[2013/04/23 15:01:35][INFO][][]  - get decypt cipher...
[2013/04/23 15:01:35][INFO][][]  - com.tradevan.geinv.kms.dist.DistKMSService begin init Decrypt cipher...
[2013/04/23 15:01:35][INFO][][]  - com.tradevan.geinv.kms.dist.DistKMSService begin init Decrypt cipher...(OK)
[2013/04/23 15:01:35][INFO][][]  - get decypt cipher...OK
[2013/04/23 15:01:35][INFO][][]  - decypt file(C:\Users\2950.TRADEVANAD\Documents\中獎清冊sample\Z_23285582_10202_20130326031428.bin) to file(C:\Users\2950.TRADEVANAD\Documents\中獎清冊sample\Z_23285582_10202_20130326031428.zip)...
[2013/04/23 15:01:35][INFO][][]  - decypt file(C:\Users\2950.TRADEVANAD\Documents\中獎清冊sample\Z_23285582_10202_20130326031428.bin) to file(C:\Users\2950.TRADEVANAD\Documents\中獎清冊sample\Z_23285582_10202_20130326031428.zip)...error
[2013/04/23 15:01:35][ERROR][][]  - javax.crypto.BadPaddingException: Given final block not properly padded
[2013/04/23 15:01:35][INFO][][]  - begin gen key...
[2013/04/23 15:01:35][INFO][][]  - end gen key...(OK)
[2013/04/23 15:01:35][INFO][][]  - com.tradevan.geinv.kms.dist.DistKMSService begin init...
[2013/04/23 15:01:35][INFO][][]  - com.tradevan.geinv.kms.dist.DistKMSService begin init...(OK)
[2013/04/23 15:01:35][INFO][][]  - get decypt cipher...
[2013/04/23 15:01:35][INFO][][]  - com.tradevan.geinv.kms.dist.DistKMSService begin init Decrypt cipher...
[2013/04/23 15:01:35][INFO][][]  - com.tradevan.geinv.kms.dist.DistKMSService begin init Decrypt cipher...(OK)
[2013/04/23 15:01:35][INFO][][]  - get decypt cipher...OK
[2013/04/23 15:01:35][INFO][][]  - decypt file(C:\Users\2950.TRADEVANAD\Documents\中獎清冊sample\Z_23285582_10202_20130326031428.bin) to file(C:\Users\2950.TRADEVANAD\Documents\中獎清冊sample\Z_23285582_10202_20130326031428.zip)...
[2013/04/23 15:01:35][INFO][][]  - decypt file(C:\Users\2950.TRADEVANAD\Documents\中獎清冊sample\Z_23285582_10202_20130326031428.bin) to file(C:\Users\2950.TRADEVANAD\Documents\中獎清冊sample\Z_23285582_10202_20130326031428.zip)...error
[2013/04/23 15:01:35][ERROR][][]  - javax.crypto.BadPaddingException: Given final block not properly padded
[2013/04/23 15:01:36][INFO][][]  - begin gen key...
[2013/04/23 15:01:36][INFO][][]  - end gen key...(OK)
[2013/04/23 15:01:36][INFO][][]  - com.tradevan.geinv.kms.dist.DistKMSService begin init...
[2013/04/23 15:01:36][INFO][][]  - com.tradevan.geinv.kms.dist.DistKMSService begin init...(OK)
[2013/04/23 15:01:36][INFO][][]  - get decypt cipher...
[2013/04/23 15:01:36][INFO][][]  - com.tradevan.geinv.kms.dist.DistKMSService begin init Decrypt cipher...
[2013/04/23 15:01:36][INFO][][]  - com.tradevan.geinv.kms.dist.DistKMSService begin init Decrypt cipher...(OK)
[2013/04/23 15:01:36][INFO][][]  - get decypt cipher...OK
[2013/04/23 15:01:36][INFO][][]  - decypt file(C:\Users\2950.TRADEVANAD\Documents\中獎清冊sample\Z_23285582_10202_20130326031428.bin) to file(C:\Users\2950.TRADEVANAD\Documents\中獎清冊sample\Z_23285582_10202_20130326031428.zip)...
[2013/04/23 15:01:36][INFO][][]  - decypt file(C:\Users\2950.TRADEVANAD\Documents\中獎清冊sample\Z_23285582_10202_20130326031428.bin) to file(C:\Users\2950.TRADEVANAD\Documents\中獎清冊sample\Z_23285582_10202_20130326031428.zip)...error
[2013/04/23 15:01:36][ERROR][][]  - javax.crypto.BadPaddingException: Given final block not properly padded
[2013/04/23 15:01:38][INFO][][]  - begin gen key...
[2013/04/23 15:01:38][INFO][][]  - end gen key...(OK)
[2013/04/23 15:01:38][INFO][][]  - com.tradevan.geinv.kms.dist.DistKMSService begin init...
[2013/04/23 15:01:38][INFO][][]  - com.tradevan.geinv.kms.dist.DistKMSService begin init...(OK)
[2013/04/23 15:01:38][INFO][][]  - get decypt cipher...
[2013/04/23 15:01:38][INFO][][]  - com.tradevan.geinv.kms.dist.DistKMSService begin init Decrypt cipher...
[2013/04/23 15:01:38][INFO][][]  - com.tradevan.geinv.kms.dist.DistKMSService begin init Decrypt cipher...(OK)
[2013/04/23 15:01:38][INFO][][]  - get decypt cipher...OK
[2013/04/23 15:01:38][INFO][][]  - decypt file(C:\Users\2950.TRADEVANAD\Documents\中獎清冊sample\Z_23285582_10202_20130326031428.bin) to file(C:\Users\2950.TRADEVANAD\Documents\中獎清冊sample\Z_23285582_10202_20130326031428.zip)...
[2013/04/23 15:01:38][INFO][][]  - decypt file(C:\Users\2950.TRADEVANAD\Documents\中獎清冊sample\Z_23285582_10202_20130326031428.bin) to file(C:\Users\2950.TRADEVANAD\Documents\中獎清冊sample\Z_23285582_10202_20130326031428.zip)...error
[2013/04/23 15:01:38][ERROR][][]  - javax.crypto.BadPaddingException: Given final block not properly padded
[2013/04/23 15:01:39][INFO][][]  - begin gen key...
[2013/04/23 15:01:39][INFO][][]  - end gen key...(OK)
[2013/04/23 15:01:39][INFO][][]  - com.tradevan.geinv.kms.dist.DistKMSService begin init...
[2013/04/23 15:01:39][INFO][][]  - com.tradevan.geinv.kms.dist.DistKMSService begin init...(OK)
[2013/04/23 15:01:39][INFO][][]  - get decypt cipher...
[2013/04/23 15:01:39][INFO][][]  - com.tradevan.geinv.kms.dist.DistKMSService begin init Decrypt cipher...
[2013/04/23 15:01:39][INFO][][]  - com.tradevan.geinv.kms.dist.DistKMSService begin init Decrypt cipher...(OK)
[2013/04/23 15:01:39][INFO][][]  - get decypt cipher...OK
[2013/04/23 15:01:39][INFO][][]  - decypt file(C:\Users\2950.TRADEVANAD\Documents\中獎清冊sample\Z_23285582_10202_20130326031428.bin) to file(C:\Users\2950.TRADEVANAD\Documents\中獎清冊sample\Z_23285582_10202_20130326031428.zip)...
[2013/04/23 15:01:39][INFO][][]  - decypt file(C:\Users\2950.TRADEVANAD\Documents\中獎清冊sample\Z_23285582_10202_20130326031428.bin) to file(C:\Users\2950.TRADEVANAD\Documents\中獎清冊sample\Z_23285582_10202_20130326031428.zip)...error
[2013/04/23 15:01:39][ERROR][][]  - javax.crypto.BadPaddingException: Given final block not properly padded
[2013/04/23 15:01:39][INFO][][]  - begin gen key...
[2013/04/23 15:01:39][INFO][][]  - end gen key...(OK)
[2013/04/23 15:01:39][INFO][][]  - com.tradevan.geinv.kms.dist.DistKMSService begin init...
[2013/04/23 15:01:39][INFO][][]  - com.tradevan.geinv.kms.dist.DistKMSService begin init...(OK)
[2013/04/23 15:01:39][INFO][][]  - get decypt cipher...
[2013/04/23 15:01:39][INFO][][]  - com.tradevan.geinv.kms.dist.DistKMSService begin init Decrypt cipher...
[2013/04/23 15:01:39][INFO][][]  - com.tradevan.geinv.kms.dist.DistKMSService begin init Decrypt cipher...(OK)
[2013/04/23 15:01:39][INFO][][]  - get decypt cipher...OK
[2013/04/23 15:01:39][INFO][][]  - decypt file(C:\Users\2950.TRADEVANAD\Documents\中獎清冊sample\Z_23285582_10202_20130326031428.bin) to file(C:\Users\2950.TRADEVANAD\Documents\中獎清冊sample\Z_23285582_10202_20130326031428.zip)...
[2013/04/23 15:01:39][INFO][][]  - decypt file(C:\Users\2950.TRADEVANAD\Documents\中獎清冊sample\Z_23285582_10202_20130326031428.bin) to file(C:\Users\2950.TRADEVANAD\Documents\中獎清冊sample\Z_23285582_10202_20130326031428.zip)...error
[2013/04/23 15:01:39][ERROR][][]  - javax.crypto.BadPaddingException: Given final block not properly padded
[2013/04/23 15:01:50][INFO][][]  - begin gen key...
[2013/04/23 15:01:50][INFO][][]  - end gen key...(OK)
[2013/04/23 15:01:50][INFO][][]  - com.tradevan.geinv.kms.dist.DistKMSService begin init...
[2013/04/23 15:01:50][INFO][][]  - com.tradevan.geinv.kms.dist.DistKMSService begin init...(OK)
[2013/04/23 15:01:50][INFO][][]  - get decypt cipher...
[2013/04/23 15:01:50][INFO][][]  - com.tradevan.geinv.kms.dist.DistKMSService begin init Decrypt cipher...
[2013/04/23 15:01:50][INFO][][]  - com.tradevan.geinv.kms.dist.DistKMSService begin init Decrypt cipher...(OK)
[2013/04/23 15:01:50][INFO][][]  - get decypt cipher...OK
[2013/04/23 15:01:50][INFO][][]  - decypt file(C:\Users\2950.TRADEVANAD\Documents\中獎清冊sample\Z_23285582_10202_20130326031428.bin) to file(C:\Users\2950.TRADEVANAD\Documents\中獎清冊sample\Z_23285582_10202_20130326031428.zip)...
[2013/04/23 15:01:50][INFO][][]  - decypt file(C:\Users\2950.TRADEVANAD\Documents\中獎清冊sample\Z_23285582_10202_20130326031428.bin) to file(C:\Users\2950.TRADEVANAD\Documents\中獎清冊sample\Z_23285582_10202_20130326031428.zip)...error
[2013/04/23 15:01:50][ERROR][][]  - javax.crypto.BadPaddingException: Given final block not properly padded
[2013/04/23 15:01:51][INFO][][]  - begin gen key...
[2013/04/23 15:01:51][INFO][][]  - end gen key...(OK)
[2013/04/23 15:01:51][INFO][][]  - com.tradevan.geinv.kms.dist.DistKMSService begin init...
[2013/04/23 15:01:51][INFO][][]  - com.tradevan.geinv.kms.dist.DistKMSService begin init...(OK)
[2013/04/23 15:01:51][INFO][][]  - get decypt cipher...
[2013/04/23 15:01:51][INFO][][]  - com.tradevan.geinv.kms.dist.DistKMSService begin init Decrypt cipher...
[2013/04/23 15:01:51][INFO][][]  - com.tradevan.geinv.kms.dist.DistKMSService begin init Decrypt cipher...(OK)
[2013/04/23 15:01:51][INFO][][]  - get decypt cipher...OK
[2013/04/23 15:01:51][INFO][][]  - decypt file(C:\Users\2950.TRADEVANAD\Documents\中獎清冊sample\Z_23285582_10202_20130326031428.bin) to file(C:\Users\2950.TRADEVANAD\Documents\中獎清冊sample\Z_23285582_10202_20130326031428.zip)...
[2013/04/23 15:01:51][INFO][][]  - decypt file(C:\Users\2950.TRADEVANAD\Documents\中獎清冊sample\Z_23285582_10202_20130326031428.bin) to file(C:\Users\2950.TRADEVANAD\Documents\中獎清冊sample\Z_23285582_10202_20130326031428.zip)...error
[2013/04/23 15:01:51][ERROR][][]  - javax.crypto.BadPaddingException: Given final block not properly padded
[2013/04/23 15:01:51][INFO][][]  - begin gen key...
[2013/04/23 15:01:51][INFO][][]  - end gen key...(OK)
[2013/04/23 15:01:51][INFO][][]  - com.tradevan.geinv.kms.dist.DistKMSService begin init...
[2013/04/23 15:01:51][INFO][][]  - com.tradevan.geinv.kms.dist.DistKMSService begin init...(OK)
[2013/04/23 15:01:51][INFO][][]  - get decypt cipher...
[2013/04/23 15:01:51][INFO][][]  - com.tradevan.geinv.kms.dist.DistKMSService begin init Decrypt cipher...
[2013/04/23 15:01:51][INFO][][]  - com.tradevan.geinv.kms.dist.DistKMSService begin init Decrypt cipher...(OK)
[2013/04/23 15:01:51][INFO][][]  - get decypt cipher...OK
[2013/04/23 15:01:51][INFO][][]  - decypt file(C:\Users\2950.TRADEVANAD\Documents\中獎清冊sample\Z_23285582_10202_20130326031428.bin) to file(C:\Users\2950.TRADEVANAD\Documents\中獎清冊sample\Z_23285582_10202_20130326031428.zip)...
[2013/04/23 15:01:51][INFO][][]  - decypt file(C:\Users\2950.TRADEVANAD\Documents\中獎清冊sample\Z_23285582_10202_20130326031428.bin) to file(C:\Users\2950.TRADEVANAD\Documents\中獎清冊sample\Z_23285582_10202_20130326031428.zip)...error
[2013/04/23 15:01:51][ERROR][][]  - javax.crypto.BadPaddingException: Given final block not properly padded
[2013/04/23 15:02:05][INFO][][]  - begin gen key...
[2013/04/23 15:02:05][INFO][][]  - end gen key...(OK)
[2013/04/23 15:02:05][INFO][][]  - com.tradevan.geinv.kms.dist.DistKMSService begin init...
[2013/04/23 15:02:05][INFO][][]  - com.tradevan.geinv.kms.dist.DistKMSService begin init...(OK)
[2013/04/23 15:02:05][INFO][][]  - get decypt cipher...
[2013/04/23 15:02:05][INFO][][]  - com.tradevan.geinv.kms.dist.DistKMSService begin init Decrypt cipher...
[2013/04/23 15:02:05][INFO][][]  - com.tradevan.geinv.kms.dist.DistKMSService begin init Decrypt cipher...(OK)
[2013/04/23 15:02:05][INFO][][]  - get decypt cipher...OK
[2013/04/23 15:02:05][INFO][][]  - decypt file(C:\Users\2950.TRADEVANAD\Documents\中獎清冊sample\Z_23285582_10202_20130326031428.bin) to file(C:\Users\2950.TRADEVANAD\Documents\中獎清冊sample\Z_23285582_10202_20130326031428.zip)...
[2013/04/23 15:02:05][INFO][][]  - decypt file(C:\Users\2950.TRADEVANAD\Documents\中獎清冊sample\Z_23285582_10202_20130326031428.bin) to file(C:\Users\2950.TRADEVANAD\Documents\中獎清冊sample\Z_23285582_10202_20130326031428.zip)...error
[2013/04/23 15:02:05][ERROR][][]  - javax.crypto.BadPaddingException: Given final block not properly padded
[2013/04/23 15:02:05][INFO][][]  - begin gen key...
[2013/04/23 15:02:05][INFO][][]  - end gen key...(OK)
[2013/04/23 15:02:05][INFO][][]  - com.tradevan.geinv.kms.dist.DistKMSService begin init...
[2013/04/23 15:02:05][INFO][][]  - com.tradevan.geinv.kms.dist.DistKMSService begin init...(OK)
[2013/04/23 15:02:05][INFO][][]  - get decypt cipher...
[2013/04/23 15:02:05][INFO][][]  - com.tradevan.geinv.kms.dist.DistKMSService begin init Decrypt cipher...
[2013/04/23 15:02:05][INFO][][]  - com.tradevan.geinv.kms.dist.DistKMSService begin init Decrypt cipher...(OK)
[2013/04/23 15:02:05][INFO][][]  - get decypt cipher...OK
[2013/04/23 15:02:05][INFO][][]  - decypt file(C:\Users\2950.TRADEVANAD\Documents\中獎清冊sample\Z_23285582_10202_20130326031428.bin) to file(C:\Users\2950.TRADEVANAD\Documents\中獎清冊sample\Z_23285582_10202_20130326031428.zip)...
[2013/04/23 15:02:05][INFO][][]  - decypt file(C:\Users\2950.TRADEVANAD\Documents\中獎清冊sample\Z_23285582_10202_20130326031428.bin) to file(C:\Users\2950.TRADEVANAD\Documents\中獎清冊sample\Z_23285582_10202_20130326031428.zip)...error
[2013/04/23 15:02:05][ERROR][][]  - javax.crypto.BadPaddingException: Given final block not properly padded
[2013/05/23 10:25:33][INFO][][]  - begin gen key...
[2013/05/23 10:25:34][INFO][][]  - end gen key...(OK)
[2013/05/23 10:25:34][INFO][][]  - com.tradevan.geinv.kms.dist.DistKMSService begin init...
[2013/05/23 10:25:34][INFO][][]  - com.tradevan.geinv.kms.dist.DistKMSService begin init...(OK)
[2013/06/04 14:57:52][INFO][][]  - begin gen key...
[2013/06/04 14:57:54][INFO][][]  - end gen key...(OK)
[2013/06/04 14:57:54][INFO][][]  - com.tradevan.geinv.kms.dist.DistKMSService begin init...
[2013/06/04 14:57:54][INFO][][]  - com.tradevan.geinv.kms.dist.DistKMSService begin init...(OK)
[2013/06/07 11:36:41][INFO][][]  - begin gen key...
[2013/06/07 11:36:52][INFO][][]  - end gen key...(OK)
[2013/06/07 11:36:52][INFO][][]  - com.tradevan.geinv.kms.dist.DistKMSService begin init...
[2013/06/07 11:36:52][INFO][][]  - com.tradevan.geinv.kms.dist.DistKMSService begin init...(OK)
[2013/06/07 11:38:28][INFO][][]  - begin gen key...
[2013/06/07 11:38:28][INFO][][]  - end gen key...(OK)
[2013/06/07 11:38:28][INFO][][]  - com.tradevan.geinv.kms.dist.DistKMSService begin init...
[2013/06/07 11:38:28][INFO][][]  - com.tradevan.geinv.kms.dist.DistKMSService begin init...(OK)
[2013/07/08 15:32:41][INFO][][]  - begin gen key...
[2013/07/08 15:32:41][INFO][][]  - end gen key...(OK)
[2013/07/08 15:32:41][INFO][][]  - com.tradevan.geinv.kms.dist.DistKMSService begin init...
[2013/07/08 15:32:41][INFO][][]  - com.tradevan.geinv.kms.dist.DistKMSService begin init...(OK)
[2013/07/08 15:32:41][INFO][][]  - get decypt cipher...
[2013/07/08 15:32:41][INFO][][]  - com.tradevan.geinv.kms.dist.DistKMSService begin init Decrypt cipher...
[2013/07/08 15:32:41][INFO][][]  - com.tradevan.geinv.kms.dist.DistKMSService begin init Decrypt cipher...(OK)
[2013/07/08 15:32:41][INFO][][]  - get decypt cipher...OK
[2013/07/08 15:32:41][INFO][][]  - decypt file(C:\Users\2950.TRADEVANAD\Documents\中獎清冊sample\Z_22853565_10202_20130326030809.bin) to file(C:\Users\2950.TRADEVANAD\Documents\中獎清冊sample\333Z_22853565_10202_20130326030809aaa.zip)...
[2013/07/08 15:32:41][INFO][][]  - decypt file(C:\Users\2950.TRADEVANAD\Documents\中獎清冊sample\Z_22853565_10202_20130326030809.bin) to file(C:\Users\2950.TRADEVANAD\Documents\中獎清冊sample\333Z_22853565_10202_20130326030809aaa.zip)...error
[2013/07/08 15:32:41][ERROR][][]  - javax.crypto.BadPaddingException: Given final block not properly padded
[2013/07/08 15:32:59][INFO][][]  - begin gen key...
[2013/07/08 15:32:59][INFO][][]  - end gen key...(OK)
[2013/07/08 15:32:59][INFO][][]  - com.tradevan.geinv.kms.dist.DistKMSService begin init...
[2013/07/08 15:32:59][INFO][][]  - com.tradevan.geinv.kms.dist.DistKMSService begin init...(OK)
[2013/07/08 15:32:59][INFO][][]  - get decypt cipher...
[2013/07/08 15:32:59][INFO][][]  - com.tradevan.geinv.kms.dist.DistKMSService begin init Decrypt cipher...
[2013/07/08 15:32:59][INFO][][]  - com.tradevan.geinv.kms.dist.DistKMSService begin init Decrypt cipher...(OK)
[2013/07/08 15:32:59][INFO][][]  - get decypt cipher...OK
[2013/07/08 15:32:59][INFO][][]  - decypt file(C:\Users\2950.TRADEVANAD\Documents\中獎清冊sample\Z_22853565_10202_20130326030809.bin) to file(C:\Users\2950.TRADEVANAD\Documents\中獎清冊sample\333Z_22853565_10202_20130326030809aaa.zip)...
[2013/07/08 15:32:59][INFO][][]  - decypt file(C:\Users\2950.TRADEVANAD\Documents\中獎清冊sample\Z_22853565_10202_20130326030809.bin) to file(C:\Users\2950.TRADEVANAD\Documents\中獎清冊sample\333Z_22853565_10202_20130326030809aaa.zip)...error
[2013/07/08 15:32:59][ERROR][][]  - javax.crypto.BadPaddingException: Given final block not properly padded
[2013/07/08 15:33:02][INFO][][]  - begin gen key...
[2013/07/08 15:33:02][INFO][][]  - end gen key...(OK)
[2013/07/08 15:33:02][INFO][][]  - com.tradevan.geinv.kms.dist.DistKMSService begin init...
[2013/07/08 15:33:02][INFO][][]  - com.tradevan.geinv.kms.dist.DistKMSService begin init...(OK)
[2013/07/08 15:33:02][INFO][][]  - get decypt cipher...
[2013/07/08 15:33:02][INFO][][]  - com.tradevan.geinv.kms.dist.DistKMSService begin init Decrypt cipher...
[2013/07/08 15:33:02][INFO][][]  - com.tradevan.geinv.kms.dist.DistKMSService begin init Decrypt cipher...(OK)
[2013/07/08 15:33:02][INFO][][]  - get decypt cipher...OK
[2013/07/08 15:33:02][INFO][][]  - decypt file(C:\Users\2950.TRADEVANAD\Documents\中獎清冊sample\Z_22853565_10202_20130326030809.bin) to file(C:\Users\2950.TRADEVANAD\Documents\中獎清冊sample\333Z_22853565_10202_20130326030809aaa.zip)...
[2013/07/08 15:33:02][INFO][][]  - decypt file(C:\Users\2950.TRADEVANAD\Documents\中獎清冊sample\Z_22853565_10202_20130326030809.bin) to file(C:\Users\2950.TRADEVANAD\Documents\中獎清冊sample\333Z_22853565_10202_20130326030809aaa.zip)...error
[2013/07/08 15:33:02][ERROR][][]  - javax.crypto.BadPaddingException: Given final block not properly padded
[2013/07/08 15:33:02][INFO][][]  - begin gen key...
[2013/07/08 15:33:02][INFO][][]  - end gen key...(OK)
[2013/07/08 15:33:02][INFO][][]  - com.tradevan.geinv.kms.dist.DistKMSService begin init...
[2013/07/08 15:33:02][INFO][][]  - com.tradevan.geinv.kms.dist.DistKMSService begin init...(OK)
[2013/07/08 15:33:02][INFO][][]  - get decypt cipher...
[2013/07/08 15:33:02][INFO][][]  - com.tradevan.geinv.kms.dist.DistKMSService begin init Decrypt cipher...
[2013/07/08 15:33:02][INFO][][]  - com.tradevan.geinv.kms.dist.DistKMSService begin init Decrypt cipher...(OK)
[2013/07/08 15:33:02][INFO][][]  - get decypt cipher...OK
[2013/07/08 15:33:02][INFO][][]  - decypt file(C:\Users\2950.TRADEVANAD\Documents\中獎清冊sample\Z_22853565_10202_20130326030809.bin) to file(C:\Users\2950.TRADEVANAD\Documents\中獎清冊sample\333Z_22853565_10202_20130326030809aaa.zip)...
[2013/07/08 15:33:02][INFO][][]  - decypt file(C:\Users\2950.TRADEVANAD\Documents\中獎清冊sample\Z_22853565_10202_20130326030809.bin) to file(C:\Users\2950.TRADEVANAD\Documents\中獎清冊sample\333Z_22853565_10202_20130326030809aaa.zip)...error
[2013/07/08 15:33:02][ERROR][][]  - javax.crypto.BadPaddingException: Given final block not properly padded
[2013/07/08 15:33:02][INFO][][]  - begin gen key...
[2013/07/08 15:33:02][INFO][][]  - end gen key...(OK)
[2013/07/08 15:33:02][INFO][][]  - com.tradevan.geinv.kms.dist.DistKMSService begin init...
[2013/07/08 15:33:02][INFO][][]  - com.tradevan.geinv.kms.dist.DistKMSService begin init...(OK)
[2013/07/08 15:33:02][INFO][][]  - get decypt cipher...
[2013/07/08 15:33:02][INFO][][]  - com.tradevan.geinv.kms.dist.DistKMSService begin init Decrypt cipher...
[2013/07/08 15:33:02][INFO][][]  - com.tradevan.geinv.kms.dist.DistKMSService begin init Decrypt cipher...(OK)
[2013/07/08 15:33:02][INFO][][]  - get decypt cipher...OK
[2013/07/08 15:33:02][INFO][][]  - decypt file(C:\Users\2950.TRADEVANAD\Documents\中獎清冊sample\Z_22853565_10202_20130326030809.bin) to file(C:\Users\2950.TRADEVANAD\Documents\中獎清冊sample\333Z_22853565_10202_20130326030809aaa.zip)...
[2013/07/08 15:33:02][INFO][][]  - decypt file(C:\Users\2950.TRADEVANAD\Documents\中獎清冊sample\Z_22853565_10202_20130326030809.bin) to file(C:\Users\2950.TRADEVANAD\Documents\中獎清冊sample\333Z_22853565_10202_20130326030809aaa.zip)...error
[2013/07/08 15:33:02][ERROR][][]  - javax.crypto.BadPaddingException: Given final block not properly padded
[2013/07/08 15:33:03][INFO][][]  - begin gen key...
[2013/07/08 15:33:03][INFO][][]  - end gen key...(OK)
[2013/07/08 15:33:03][INFO][][]  - com.tradevan.geinv.kms.dist.DistKMSService begin init...
[2013/07/08 15:33:03][INFO][][]  - com.tradevan.geinv.kms.dist.DistKMSService begin init...(OK)
[2013/07/08 15:33:03][INFO][][]  - get decypt cipher...
[2013/07/08 15:33:03][INFO][][]  - com.tradevan.geinv.kms.dist.DistKMSService begin init Decrypt cipher...
[2013/07/08 15:33:03][INFO][][]  - com.tradevan.geinv.kms.dist.DistKMSService begin init Decrypt cipher...(OK)
[2013/07/08 15:33:03][INFO][][]  - get decypt cipher...OK
[2013/07/08 15:33:03][INFO][][]  - decypt file(C:\Users\2950.TRADEVANAD\Documents\中獎清冊sample\Z_22853565_10202_20130326030809.bin) to file(C:\Users\2950.TRADEVANAD\Documents\中獎清冊sample\333Z_22853565_10202_20130326030809aaa.zip)...
[2013/07/08 15:33:03][INFO][][]  - decypt file(C:\Users\2950.TRADEVANAD\Documents\中獎清冊sample\Z_22853565_10202_20130326030809.bin) to file(C:\Users\2950.TRADEVANAD\Documents\中獎清冊sample\333Z_22853565_10202_20130326030809aaa.zip)...error
[2013/07/08 15:33:03][ERROR][][]  - javax.crypto.BadPaddingException: Given final block not properly padded
[2013/07/08 15:33:03][INFO][][]  - begin gen key...
[2013/07/08 15:33:03][INFO][][]  - end gen key...(OK)
[2013/07/08 15:33:03][INFO][][]  - com.tradevan.geinv.kms.dist.DistKMSService begin init...
[2013/07/08 15:33:03][INFO][][]  - com.tradevan.geinv.kms.dist.DistKMSService begin init...(OK)
[2013/07/08 15:33:03][INFO][][]  - get decypt cipher...
[2013/07/08 15:33:03][INFO][][]  - com.tradevan.geinv.kms.dist.DistKMSService begin init Decrypt cipher...
[2013/07/08 15:33:03][INFO][][]  - com.tradevan.geinv.kms.dist.DistKMSService begin init Decrypt cipher...(OK)
[2013/07/08 15:33:03][INFO][][]  - get decypt cipher...OK
[2013/07/08 15:33:03][INFO][][]  - decypt file(C:\Users\2950.TRADEVANAD\Documents\中獎清冊sample\Z_22853565_10202_20130326030809.bin) to file(C:\Users\2950.TRADEVANAD\Documents\中獎清冊sample\333Z_22853565_10202_20130326030809aaa.zip)...
[2013/07/08 15:33:03][INFO][][]  - decypt file(C:\Users\2950.TRADEVANAD\Documents\中獎清冊sample\Z_22853565_10202_20130326030809.bin) to file(C:\Users\2950.TRADEVANAD\Documents\中獎清冊sample\333Z_22853565_10202_20130326030809aaa.zip)...error
[2013/07/08 15:33:03][ERROR][][]  - javax.crypto.BadPaddingException: Given final block not properly padded
[2013/07/08 15:33:03][INFO][][]  - begin gen key...
[2013/07/08 15:33:03][INFO][][]  - end gen key...(OK)
[2013/07/08 15:33:03][INFO][][]  - com.tradevan.geinv.kms.dist.DistKMSService begin init...
[2013/07/08 15:33:03][INFO][][]  - com.tradevan.geinv.kms.dist.DistKMSService begin init...(OK)
[2013/07/08 15:33:03][INFO][][]  - get decypt cipher...
[2013/07/08 15:33:03][INFO][][]  - com.tradevan.geinv.kms.dist.DistKMSService begin init Decrypt cipher...
[2013/07/08 15:33:03][INFO][][]  - com.tradevan.geinv.kms.dist.DistKMSService begin init Decrypt cipher...(OK)
[2013/07/08 15:33:03][INFO][][]  - get decypt cipher...OK
[2013/07/08 15:33:03][INFO][][]  - decypt file(C:\Users\2950.TRADEVANAD\Documents\中獎清冊sample\Z_22853565_10202_20130326030809.bin) to file(C:\Users\2950.TRADEVANAD\Documents\中獎清冊sample\333Z_22853565_10202_20130326030809aaa.zip)...
[2013/07/08 15:33:03][INFO][][]  - decypt file(C:\Users\2950.TRADEVANAD\Documents\中獎清冊sample\Z_22853565_10202_20130326030809.bin) to file(C:\Users\2950.TRADEVANAD\Documents\中獎清冊sample\333Z_22853565_10202_20130326030809aaa.zip)...error
[2013/07/08 15:33:03][ERROR][][]  - javax.crypto.BadPaddingException: Given final block not properly padded
[2013/07/08 15:35:59][INFO][][]  - begin gen key...
[2013/07/08 15:36:00][INFO][][]  - end gen key...(OK)
[2013/07/08 15:36:00][INFO][][]  - com.tradevan.geinv.kms.dist.DistKMSService begin init...
[2013/07/08 15:36:00][INFO][][]  - com.tradevan.geinv.kms.dist.DistKMSService begin init...(OK)
[2013/07/08 15:36:00][INFO][][]  - get decypt cipher...
[2013/07/08 15:36:00][INFO][][]  - com.tradevan.geinv.kms.dist.DistKMSService begin init Decrypt cipher...
[2013/07/08 15:36:00][INFO][][]  - com.tradevan.geinv.kms.dist.DistKMSService begin init Decrypt cipher...(OK)
[2013/07/08 15:36:00][INFO][][]  - get decypt cipher...OK
[2013/07/08 15:36:00][INFO][][]  - decypt file(C:\Users\2950.TRADEVANAD\Downloads\Z_22853565_10202_20130326030809.bin) to file(C:\Users\2950.TRADEVANAD\Downloads\Z_22853565_10202_20130326030809.zip)...
[2013/07/08 15:36:00][INFO][][]  - decypt file(C:\Users\2950.TRADEVANAD\Downloads\Z_22853565_10202_20130326030809.bin) to file(C:\Users\2950.TRADEVANAD\Downloads\Z_22853565_10202_20130326030809.zip)...error
[2013/07/08 15:36:00][ERROR][][]  - javax.crypto.BadPaddingException: Given final block not properly padded
[2013/07/08 15:36:10][INFO][][]  - begin gen key...
[2013/07/08 15:36:10][INFO][][]  - end gen key...(OK)
[2013/07/08 15:36:10][INFO][][]  - com.tradevan.geinv.kms.dist.DistKMSService begin init...
[2013/07/08 15:36:10][INFO][][]  - com.tradevan.geinv.kms.dist.DistKMSService begin init...(OK)
[2013/07/08 15:36:10][INFO][][]  - get decypt cipher...
[2013/07/08 15:36:10][INFO][][]  - com.tradevan.geinv.kms.dist.DistKMSService begin init Decrypt cipher...
[2013/07/08 15:36:10][INFO][][]  - com.tradevan.geinv.kms.dist.DistKMSService begin init Decrypt cipher...(OK)
[2013/07/08 15:36:10][INFO][][]  - get decypt cipher...OK
[2013/07/08 15:36:10][INFO][][]  - decypt file(C:\Users\2950.TRADEVANAD\Downloads\Z_22853565_10202_20130326030809.bin) to file(C:\Users\2950.TRADEVANAD\Downloads\Z_22853565_10202_20130326030809.zip)...
[2013/07/08 15:36:10][INFO][][]  - decypt file(C:\Users\2950.TRADEVANAD\Downloads\Z_22853565_10202_20130326030809.bin) to file(C:\Users\2950.TRADEVANAD\Downloads\Z_22853565_10202_20130326030809.zip)...error
[2013/07/08 15:36:10][ERROR][][]  - javax.crypto.BadPaddingException: Given final block not properly padded
[2013/07/08 15:36:11][INFO][][]  - begin gen key...
[2013/07/08 15:36:11][INFO][][]  - end gen key...(OK)
[2013/07/08 15:36:11][INFO][][]  - com.tradevan.geinv.kms.dist.DistKMSService begin init...
[2013/07/08 15:36:11][INFO][][]  - com.tradevan.geinv.kms.dist.DistKMSService begin init...(OK)
[2013/07/08 15:36:11][INFO][][]  - get decypt cipher...
[2013/07/08 15:36:11][INFO][][]  - com.tradevan.geinv.kms.dist.DistKMSService begin init Decrypt cipher...
[2013/07/08 15:36:11][INFO][][]  - com.tradevan.geinv.kms.dist.DistKMSService begin init Decrypt cipher...(OK)
[2013/07/08 15:36:11][INFO][][]  - get decypt cipher...OK
[2013/07/08 15:36:11][INFO][][]  - decypt file(C:\Users\2950.TRADEVANAD\Downloads\Z_22853565_10202_20130326030809.bin) to file(C:\Users\2950.TRADEVANAD\Downloads\Z_22853565_10202_20130326030809.zip)...
[2013/07/08 15:36:11][INFO][][]  - decypt file(C:\Users\2950.TRADEVANAD\Downloads\Z_22853565_10202_20130326030809.bin) to file(C:\Users\2950.TRADEVANAD\Downloads\Z_22853565_10202_20130326030809.zip)...error
[2013/07/08 15:36:11][ERROR][][]  - javax.crypto.BadPaddingException: Given final block not properly padded
[2013/07/08 15:36:12][INFO][][]  - begin gen key...
[2013/07/08 15:36:12][INFO][][]  - end gen key...(OK)
[2013/07/08 15:36:12][INFO][][]  - com.tradevan.geinv.kms.dist.DistKMSService begin init...
[2013/07/08 15:36:12][INFO][][]  - com.tradevan.geinv.kms.dist.DistKMSService begin init...(OK)
[2013/07/08 15:36:12][INFO][][]  - get decypt cipher...
[2013/07/08 15:36:12][INFO][][]  - com.tradevan.geinv.kms.dist.DistKMSService begin init Decrypt cipher...
[2013/07/08 15:36:12][INFO][][]  - com.tradevan.geinv.kms.dist.DistKMSService begin init Decrypt cipher...(OK)
[2013/07/08 15:36:12][INFO][][]  - get decypt cipher...OK
[2013/07/08 15:36:12][INFO][][]  - decypt file(C:\Users\2950.TRADEVANAD\Downloads\Z_22853565_10202_20130326030809.bin) to file(C:\Users\2950.TRADEVANAD\Downloads\Z_22853565_10202_20130326030809.zip)...
[2013/07/08 15:36:12][INFO][][]  - decypt file(C:\Users\2950.TRADEVANAD\Downloads\Z_22853565_10202_20130326030809.bin) to file(C:\Users\2950.TRADEVANAD\Downloads\Z_22853565_10202_20130326030809.zip)...error
[2013/07/08 15:36:12][ERROR][][]  - javax.crypto.BadPaddingException: Given final block not properly padded
[2013/07/08 15:36:47][INFO][][]  - begin gen key...
[2013/07/08 15:36:47][INFO][][]  - end gen key...(OK)
[2013/07/08 15:36:47][INFO][][]  - com.tradevan.geinv.kms.dist.DistKMSService begin init...
[2013/07/08 15:36:47][INFO][][]  - com.tradevan.geinv.kms.dist.DistKMSService begin init...(OK)
[2013/07/08 15:36:47][INFO][][]  - get decypt cipher...
[2013/07/08 15:36:47][INFO][][]  - com.tradevan.geinv.kms.dist.DistKMSService begin init Decrypt cipher...
[2013/07/08 15:36:47][INFO][][]  - com.tradevan.geinv.kms.dist.DistKMSService begin init Decrypt cipher...(OK)
[2013/07/08 15:36:47][INFO][][]  - get decypt cipher...OK
[2013/07/08 15:36:47][INFO][][]  - decypt file(C:\Users\2950.TRADEVANAD\Downloads\Z_22853565_10202_20130326030809.bin) to file(C:\Users\2950.TRADEVANAD\Downloads\Z_22853565_10202_20130326030809.zip)...
[2013/07/08 15:36:47][INFO][][]  - decypt file(C:\Users\2950.TRADEVANAD\Downloads\Z_22853565_10202_20130326030809.bin) to file(C:\Users\2950.TRADEVANAD\Downloads\Z_22853565_10202_20130326030809.zip)...OK
[2013/07/24 14:24:53][INFO][][]  - begin gen key...
[2013/07/24 14:24:55][INFO][][]  - end gen key...(OK)
[2013/07/24 14:24:55][INFO][][]  - com.tradevan.geinv.kms.dist.DistKMSService begin init...
[2013/07/24 14:24:55][INFO][][]  - com.tradevan.geinv.kms.dist.DistKMSService begin init...(OK)
[2013/07/24 14:25:43][INFO][][]  - begin gen key...
[2013/07/24 14:25:43][INFO][][]  - end gen key...(OK)
[2013/07/24 14:25:43][INFO][][]  - com.tradevan.geinv.kms.dist.DistKMSService begin init...
[2013/07/24 14:25:43][INFO][][]  - com.tradevan.geinv.kms.dist.DistKMSService begin init...(OK)
[2013/09/06 15:01:19][INFO][][]  - begin gen key...
[2013/09/06 15:01:19][INFO][][]  - end gen key...(OK)
[2013/09/06 15:01:19][INFO][][]  - com.tradevan.geinv.kms.dist.DistKMSService begin init...
[2013/09/06 15:01:19][INFO][][]  - com.tradevan.geinv.kms.dist.DistKMSService begin init...(OK)
[2013/09/06 15:01:39][INFO][][]  - begin gen key...
[2013/09/06 15:01:39][INFO][][]  - end gen key...(OK)
[2013/09/06 15:01:39][INFO][][]  - com.tradevan.geinv.kms.dist.DistKMSService begin init...
[2013/09/06 15:01:39][INFO][][]  - com.tradevan.geinv.kms.dist.DistKMSService begin init...(OK)
[2013/09/06 15:49:47][INFO][][]  - begin gen key...
[2013/09/06 15:49:47][INFO][][]  - end gen key...(OK)
[2013/09/06 15:49:47][INFO][][]  - com.tradevan.geinv.kms.dist.DistKMSService begin init...
[2013/09/06 15:49:47][INFO][][]  - com.tradevan.geinv.kms.dist.DistKMSService begin init...(OK)
[2013/09/06 15:49:58][INFO][][]  - begin gen key...
[2013/09/06 15:49:58][INFO][][]  - end gen key...(OK)
[2013/09/06 15:49:58][INFO][][]  - com.tradevan.geinv.kms.dist.DistKMSService begin init...
[2013/09/06 15:49:58][INFO][][]  - com.tradevan.geinv.kms.dist.DistKMSService begin init...(OK)
[2013/09/06 15:50:12][INFO][][]  - begin gen key...
[2013/09/06 15:50:12][INFO][][]  - end gen key...(OK)
[2013/09/06 15:50:12][INFO][][]  - com.tradevan.geinv.kms.dist.DistKMSService begin init...
[2013/09/06 15:50:12][INFO][][]  - com.tradevan.geinv.kms.dist.DistKMSService begin init...(OK)
[2013/09/06 15:50:18][INFO][][]  - begin gen key...
[2013/09/06 15:50:18][INFO][][]  - end gen key...(OK)
[2013/09/06 15:50:18][INFO][][]  - com.tradevan.geinv.kms.dist.DistKMSService begin init...
[2013/09/06 15:50:18][INFO][][]  - com.tradevan.geinv.kms.dist.DistKMSService begin init...(OK)
[2015/02/02 15:49:04][INFO][][]  - begin gen key...
[2015/02/02 15:49:04][INFO][][]  - end gen key...(OK)
[2015/02/02 15:49:04][INFO][][]  - com.tradevan.geinv.kms.dist.DistKMSService begin init...
[2015/02/02 15:49:04][INFO][][]  - com.tradevan.geinv.kms.dist.DistKMSService begin init...(OK)
[2015/02/02 15:49:04][INFO][][]  - get decypt cipher...
[2015/02/02 15:49:04][INFO][][]  - com.tradevan.geinv.kms.dist.DistKMSService begin init Decrypt cipher...
[2015/02/02 15:49:04][INFO][][]  - com.tradevan.geinv.kms.dist.DistKMSService begin init Decrypt cipher...(OK)
[2015/02/02 15:49:04][INFO][][]  - get decypt cipher...OK
[2015/02/02 15:49:04][INFO][][]  - decypt file(C:\Users\User\Desktop\Z_23525871_10312_20150127235410.bin) to file(C:\Users\User\Desktop\Z_23525871_10312_20150127235410.xls.zip)...
[2015/02/02 15:49:04][INFO][][]  - decypt file(C:\Users\User\Desktop\Z_23525871_10312_20150127235410.bin) to file(C:\Users\User\Desktop\Z_23525871_10312_20150127235410.xls.zip)...OK
[2015/02/02 15:53:23][INFO][][]  - begin gen key...
[2015/02/02 15:53:23][INFO][][]  - end gen key...(OK)
[2015/02/02 15:53:23][INFO][][]  - com.tradevan.geinv.kms.dist.DistKMSService begin init...
[2015/02/02 15:53:23][INFO][][]  - com.tradevan.geinv.kms.dist.DistKMSService begin init...(OK)
[2015/02/02 15:53:23][INFO][][]  - get decypt cipher...
[2015/02/02 15:53:23][INFO][][]  - com.tradevan.geinv.kms.dist.DistKMSService begin init Decrypt cipher...
[2015/02/02 15:53:23][INFO][][]  - com.tradevan.geinv.kms.dist.DistKMSService begin init Decrypt cipher...(OK)
[2015/02/02 15:53:23][INFO][][]  - get decypt cipher...OK
[2015/02/02 15:53:23][INFO][][]  - decypt file(C:\Users\User\Desktop\Z_23525871_10312_20150127235410.bin) to file(C:\Users\User\Desktop\Z_23525871_10312_20150127235410.txt.zip)...
[2015/02/02 15:53:23][INFO][][]  - decypt file(C:\Users\User\Desktop\Z_23525871_10312_20150127235410.bin) to file(C:\Users\User\Desktop\Z_23525871_10312_20150127235410.txt.zip)...OK
[2015/07/23 11:26:13][INFO][][]  - begin gen key...
[2015/07/23 11:26:13][INFO][][]  - end gen key...(OK)
[2015/07/23 11:26:13][INFO][][]  - com.tradevan.geinv.kms.dist.DistKMSService begin init...
[2015/07/23 11:26:13][INFO][][]  - com.tradevan.geinv.kms.dist.DistKMSService begin init...(OK)
[2015/07/23 11:26:13][INFO][][]  - get decypt cipher...
[2015/07/23 11:26:13][INFO][][]  - com.tradevan.geinv.kms.dist.DistKMSService begin init Decrypt cipher...
[2015/07/23 11:26:13][INFO][][]  - com.tradevan.geinv.kms.dist.DistKMSService begin init Decrypt cipher...(OK)
[2015/07/23 11:26:13][INFO][][]  - get decypt cipher...OK
[2015/07/23 11:26:13][INFO][][]  - decypt file(E:\16_CHTBOX\CHT Box\yeni\eInvoice\1040721-ACHExpense(20150102-3B).bin) to file(E:\16_CHTBOX\CHT Box\yeni\eInvoice\1040721-ACHExpense(20150102-3B).txt.zip)...
[2015/07/23 11:26:13][INFO][][]  - decypt file(E:\16_CHTBOX\CHT Box\yeni\eInvoice\1040721-ACHExpense(20150102-3B).bin) to file(E:\16_CHTBOX\CHT Box\yeni\eInvoice\1040721-ACHExpense(20150102-3B).txt.zip)...OK
