Mon Jul 08 15:27:12 CST 2013 [DEBUG] : {BeforeEncryptFile=decryptProperties.txt, AfterEncryptFile=decryptProperties, BeforeEncryptDir=D:\Tmp, AfterEncryptDir=D:\Tmp}
Mon Jul 08 15:27:12 CST 2013 [DEBUG] : Read file success
Wed Jul 31 18:10:52 CST 2013 [DEBUG] : {BeforeEncryptFile=decryptProperties.txt, AfterEncryptFile=decryptProperties, BeforeEncryptDir=D:\Tmp, AfterEncryptDir=D:\Tmp}
Wed Jul 31 18:10:52 CST 2013 [DEBUG] : Read file success
Thu Dec 04 17:26:19 CST 2014 [DEBUG] : {BeforeEncryptFile=decryptProperties.txt, AfterEncryptFile=decryptProperties, BeforeEncryptDir=D:\Tmp, AfterEncryptDir=D:\Tmp}
Thu Dec 04 17:26:19 CST 2014 [DEBUG] : Read file success
Tue Dec 23 09:42:20 CST 2014 [DEBUG] : {BeforeEncryptFile=decryptProperties.txt, AfterEncryptFile=decryptProperties, BeforeEncryptDir=D:\Tmp, AfterEncryptDir=D:\Tmp}
Tue Dec 23 09:42:20 CST 2014 [DEBUG] : Read file success
Tue Dec 23 15:41:53 CST 2014 [DEBUG] : {BeforeEncryptFile=decryptProperties.txt, AfterEncryptFile=decryptProperties, BeforeEncryptDir=D:\Tmp, AfterEncryptDir=D:\Tmp}
Tue Dec 23 15:41:53 CST 2014 [DEBUG] : Read file success
Mon Dec 29 17:21:41 CST 2014 [DEBUG] : {BeforeEncryptFile=decryptProperties.txt, AfterEncryptFile=decryptProperties, BeforeEncryptDir=D:\Tmp, AfterEncryptDir=D:\Tmp}
Mon Dec 29 17:21:41 CST 2014 [DEBUG] : Read file success
Mon Jan 12 15:01:59 CST 2015 [DEBUG] : {BeforeEncryptFile=decryptProperties.txt, AfterEncryptFile=decryptProperties, BeforeEncryptDir=D:\Tmp, AfterEncryptDir=D:\Tmp}
Mon Jan 12 15:01:59 CST 2015 [DEBUG] : Read file success
Thu Jul 23 10:01:20 CST 2015 [DEBUG] : {BeforeEncryptFile=decryptProperties.txt, AfterEncryptFile=decryptProperties, BeforeEncryptDir=D:\Tmp, AfterEncryptDir=D:\Tmp}
Thu Jul 23 10:01:20 CST 2015 [DEBUG] : Read file success
Thu Jul 23 11:31:48 CST 2015 [DEBUG] : {BeforeEncryptFile=decryptProperties.txt, AfterEncryptFile=decryptProperties, BeforeEncryptDir=D:\Tmp, AfterEncryptDir=D:\Tmp}
Thu Jul 23 11:31:48 CST 2015 [DEBUG] : Read file success
Thu Jul 23 11:32:24 CST 2015 [DEBUG] : {BeforeEncryptFile=decryptProperties.txt, AfterEncryptFile=decryptProperties, BeforeEncryptDir=D:\Tmp, AfterEncryptDir=D:\Tmp}
Thu Jul 23 11:32:24 CST 2015 [DEBUG] : Read file success
